[pagerank] iter=1 delta=inf
[pagerank] iter=2 delta=2.890e-02
[pagerank] iter=3 delta=7.369e-03
[pagerank] iter=4 delta=1.879e-03
[pagerank] iter=5 delta=4.792e-04
[pagerank] iter=6 delta=1.222e-04
[pagerank] iter=7 delta=3.116e-05
[pagerank] iter=8 delta=7.946e-06
[pagerank] æ”¶æ•›äºç¬¬ 8 è½®
PR: {'A': 0.932, 'B': 0.932, 'C': 1.135, 'D': 1.135, 'E': 0.932, 'F': 0.932}
[lpa] iter=1 changed=21
[lpa] iter=2 changed=0
[lpa] æ”¶æ•›äºç¬¬ 2 è½®
COMM: {'A': 0, 'B': 0, 'F': 1, 'C': 0, 'D': 1, 'E': 1}
CENT: {'A': (2, 4), 'B': (2, 4), 'F': (2, 4), 'C': (3, 5), 'D': (3, 5), 'E': (2, 4)}
PRED: {'C': [('E', 0.5773502691896258, 0.25, 1.0), ('F', 0.5773502691896258, 0.25, 1.0)], 'A': [('D', 0.5773502691896258, 0.25, 1.0)], 'B': [('D', 0.5773502691896258, 0.25, 1.0)], 'D': [('A', 0.5773502691896258, 0.25, 1.0), ('B', 0.5773502691896258, 0.25, 1.0)], 'E': [('C', 0.5773502691896258, 0.25, 1.0)], 'F': [('C', 0.5773502691896258, 0.25, 1.0)]}
SMOKE PASS
³É¹¦: ÒÑÖÕÖ¹ PID 12100 (ÊôÓÚ PID 16676 ×Ó½ø³Ì)µÄ½ø³Ì¡£
³É¹¦: ÒÑÖÕÖ¹ PID 16676 (ÊôÓÚ PID 25668 ×Ó½ø³Ì)µÄ½ø³Ì¡£
³É¹¦: ÒÑÖÕÖ¹ PID 25668 (ÊôÓÚ PID 8444 ×Ó½ø³Ì)µÄ½ø³Ì¡£
